Running: /opt/Xilinx/14.7/ISE_DS/ISE/bin/lin64/unwrapped/fuse -intstyle ise -incremental -lib secureip -o /home/ise/computer/full_adder/full_adder_8bit_tb_isim_beh.exe -prj /home/ise/computer/full_adder/full_adder_8bit_tb_beh.prj work.full_adder_8bit_tb 
ISim P.20131013 (signature 0xfbc00daa)
Number of CPUs detected in this system: 1
Turning on mult-threading, number of parallel sub-compilation jobs: 0 
Determining compilation order of HDL files
Parsing VHDL file "/home/ise/computer/full_adder/nand_gate.vhd" into library work
Parsing VHDL file "/home/ise/computer/full_adder/x_or_gate.vhd" into library work
Parsing VHDL file "/home/ise/computer/full_adder/and_gate.vhd" into library work
Parsing VHDL file "/home/ise/computer/full_adder/or_gate.vhd" into library work
Parsing VHDL file "/home/ise/computer/full_adder/half_adder.vhd" into library work
Parsing VHDL file "/home/ise/computer/full_adder/full_adder.vhd" into library work
Parsing VHDL file "/home/ise/computer/full_adder/full_adder_8bit.vhd" into library work
Parsing VHDL file "/home/ise/computer/full_adder/full_adder_8bit_tb.vhd" into library work
Starting static elaboration
Completed static elaboration
Fuse Memory Usage: 95588 KB
Fuse CPU Usage: 420 ms
Compiling package standard
Compiling package std_logic_1164
Compiling architecture dataflow of entity nand_gate [nand_gate_default]
Compiling architecture structural of entity x_or_gate [x_or_gate_default]
Compiling architecture structural of entity and_gate [and_gate_default]
Compiling architecture structural of entity half_adder [half_adder_default]
Compiling architecture structural of entity or_gate [or_gate_default]
Compiling architecture structural of entity full_adder [full_adder_default]
Compiling architecture structural of entity full_adder_8bit [full_adder_8bit_default]
Compiling architecture behavior of entity full_adder_8bit_tb
Time Resolution for simulation is 1ps.
Compiled 17 VHDL Units
Built simulation executable /home/ise/computer/full_adder/full_adder_8bit_tb_isim_beh.exe
Fuse Memory Usage: 104188 KB
Fuse CPU Usage: 470 ms
GCC CPU Usage: 270 ms
