Running: /opt/Xilinx/14.7/ISE_DS/ISE/bin/lin64/unwrapped/fuse -intstyle ise -incremental -lib secureip -o /home/ise/computer/register/register/nand_gate_tb_isim_beh.exe -prj /home/ise/computer/register/register/nand_gate_tb_beh.prj work.nand_gate_tb 
ISim P.20131013 (signature 0xfbc00daa)
Number of CPUs detected in this system: 1
Turning on mult-threading, number of parallel sub-compilation jobs: 0 
Determining compilation order of HDL files
Parsing VHDL file "/home/ise/computer/register/register/nand_gate.vhd" into library work
Parsing VHDL file "/home/ise/computer/register/register/nand_gate_tb.vhd" into library work
Starting static elaboration
Completed static elaboration
Fuse Memory Usage: 95304 KB
Fuse CPU Usage: 390 ms
Compiling package standard
Compiling package std_logic_1164
Compiling architecture dataflow of entity nand_gate [nand_gate_default]
Compiling architecture behavior of entity nand_gate_tb
Time Resolution for simulation is 1ps.
Compiled 5 VHDL Units
Built simulation executable /home/ise/computer/register/register/nand_gate_tb_isim_beh.exe
Fuse Memory Usage: 103924 KB
Fuse CPU Usage: 430 ms
GCC CPU Usage: 130 ms
